------------------------------------------------------------
TimeQuest Timing Analyzer Summary
------------------------------------------------------------

Type  : Slow 1200mV 85C Model Setup 'clock'
Slack : -3.067
TNS   : -60.612

Type  : Slow 1200mV 85C Model Setup 'UC:inst|fstate.state2'
Slack : -0.561
TNS   : -4.585

Type  : Slow 1200mV 85C Model Hold 'clock'
Slack : -0.273
TNS   : -2.333

Type  : Slow 1200mV 85C Model Hold 'UC:inst|fstate.state2'
Slack : 0.442
TNS   : 0.000

Type  : Slow 1200mV 85C Model Minimum Pulse Width 'clock'
Slack : -3.000
TNS   : -31.270

Type  : Slow 1200mV 85C Model Minimum Pulse Width 'UC:inst|fstate.state2'
Slack : -1.285
TNS   : -25.700

Type  : Slow 1200mV 0C Model Setup 'clock'
Slack : -2.734
TNS   : -53.980

Type  : Slow 1200mV 0C Model Setup 'UC:inst|fstate.state2'
Slack : -0.460
TNS   : -2.972

Type  : Slow 1200mV 0C Model Hold 'clock'
Slack : -0.180
TNS   : -2.390

Type  : Slow 1200mV 0C Model Hold 'UC:inst|fstate.state2'
Slack : 0.440
TNS   : 0.000

Type  : Slow 1200mV 0C Model Minimum Pulse Width 'clock'
Slack : -3.000
TNS   : -31.270

Type  : Slow 1200mV 0C Model Minimum Pulse Width 'UC:inst|fstate.state2'
Slack : -1.285
TNS   : -25.700

Type  : Fast 1200mV 0C Model Setup 'clock'
Slack : -0.956
TNS   : -18.650

Type  : Fast 1200mV 0C Model Setup 'UC:inst|fstate.state2'
Slack : -0.411
TNS   : -5.140

Type  : Fast 1200mV 0C Model Hold 'clock'
Slack : -0.454
TNS   : -8.903

Type  : Fast 1200mV 0C Model Hold 'UC:inst|fstate.state2'
Slack : 0.819
TNS   : 0.000

Type  : Fast 1200mV 0C Model Minimum Pulse Width 'clock'
Slack : -3.000
TNS   : -27.182

Type  : Fast 1200mV 0C Model Minimum Pulse Width 'UC:inst|fstate.state2'
Slack : -1.000
TNS   : -20.000

------------------------------------------------------------
