------------------------------------------------------------
TimeQuest Timing Analyzer Summary
------------------------------------------------------------

Type  : Slow 1200mV 85C Model Setup 'clock'
Slack : -1.893
TNS   : -23.685

Type  : Slow 1200mV 85C Model Setup 'UC:inst|fstate.state2'
Slack : -0.889
TNS   : -11.837

Type  : Slow 1200mV 85C Model Hold 'clock'
Slack : -0.117
TNS   : -0.117

Type  : Slow 1200mV 85C Model Hold 'UC:inst|fstate.state2'
Slack : 0.775
TNS   : 0.000

Type  : Slow 1200mV 85C Model Minimum Pulse Width 'clock'
Slack : -3.000
TNS   : -31.270

Type  : Slow 1200mV 85C Model Minimum Pulse Width 'UC:inst|fstate.state2'
Slack : -1.285
TNS   : -25.700

Type  : Slow 1200mV 0C Model Setup 'clock'
Slack : -1.574
TNS   : -19.191

Type  : Slow 1200mV 0C Model Setup 'UC:inst|fstate.state2'
Slack : -0.786
TNS   : -10.136

Type  : Slow 1200mV 0C Model Hold 'clock'
Slack : -0.026
TNS   : -0.026

Type  : Slow 1200mV 0C Model Hold 'UC:inst|fstate.state2'
Slack : 0.775
TNS   : 0.000

Type  : Slow 1200mV 0C Model Minimum Pulse Width 'clock'
Slack : -3.000
TNS   : -31.270

Type  : Slow 1200mV 0C Model Minimum Pulse Width 'UC:inst|fstate.state2'
Slack : -1.285
TNS   : -25.700

Type  : Fast 1200mV 0C Model Setup 'UC:inst|fstate.state2'
Slack : -0.573
TNS   : -8.496

Type  : Fast 1200mV 0C Model Setup 'clock'
Slack : -0.435
TNS   : -2.826

Type  : Fast 1200mV 0C Model Hold 'clock'
Slack : -0.311
TNS   : -0.311

Type  : Fast 1200mV 0C Model Hold 'UC:inst|fstate.state2'
Slack : 0.980
TNS   : 0.000

Type  : Fast 1200mV 0C Model Minimum Pulse Width 'clock'
Slack : -3.000
TNS   : -27.180

Type  : Fast 1200mV 0C Model Minimum Pulse Width 'UC:inst|fstate.state2'
Slack : -1.000
TNS   : -20.000

------------------------------------------------------------
